###############################################################################
#                                                                             #
# IAR ELF Linker V6.50.3.4676/W32 for ARM               16/Aug/2013  00:57:44 #
# Copyright 2007-2013 IAR Systems AB.                                         #
#                                                                             #
#    Output file  =  C:\Users\Eric\Desktop\iar codez\USB CAN                  #
#                    Hub\EWARM\Default\Exe\VirtualComport_Loopback.out        #
#    Map file     =  C:\Users\Eric\Desktop\iar codez\USB CAN                  #
#                    Hub\EWARM\Default\List\VirtualComport_Loopback.map       #
#    Command line =  "C:\Users\Eric\Desktop\iar codez\USB CAN                 #
#                    Hub\EWARM\Default\Obj\can.o" "C:\Users\Eric\Desktop\iar  #
#                    codez\USB CAN Hub\EWARM\Default\Obj\hw_config.o"         #
#                    "C:\Users\Eric\Desktop\iar codez\USB CAN                 #
#                    Hub\EWARM\Default\Obj\main.o"                            #
#                    "C:\Users\Eric\Desktop\iar codez\USB CAN                 #
#                    Hub\EWARM\Default\Obj\misc.o"                            #
#                    "C:\Users\Eric\Desktop\iar codez\USB CAN                 #
#                    Hub\EWARM\Default\Obj\startup_stm32f10x_ld.o"            #
#                    "C:\Users\Eric\Desktop\iar codez\USB CAN                 #
#                    Hub\EWARM\Default\Obj\stm32_it.o"                        #
#                    "C:\Users\Eric\Desktop\iar codez\USB CAN                 #
#                    Hub\EWARM\Default\Obj\stm32f10x_can.o"                   #
#                    "C:\Users\Eric\Desktop\iar codez\USB CAN                 #
#                    Hub\EWARM\Default\Obj\stm32f10x_exti.o"                  #
#                    "C:\Users\Eric\Desktop\iar codez\USB CAN                 #
#                    Hub\EWARM\Default\Obj\stm32f10x_flash.o"                 #
#                    "C:\Users\Eric\Desktop\iar codez\USB CAN                 #
#                    Hub\EWARM\Default\Obj\stm32f10x_gpio.o"                  #
#                    "C:\Users\Eric\Desktop\iar codez\USB CAN                 #
#                    Hub\EWARM\Default\Obj\stm32f10x_i2c.o"                   #
#                    "C:\Users\Eric\Desktop\iar codez\USB CAN                 #
#                    Hub\EWARM\Default\Obj\stm32f10x_pwr.o"                   #
#                    "C:\Users\Eric\Desktop\iar codez\USB CAN                 #
#                    Hub\EWARM\Default\Obj\stm32f10x_rcc.o"                   #
#                    "C:\Users\Eric\Desktop\iar codez\USB CAN                 #
#                    Hub\EWARM\Default\Obj\stm32f10x_usart.o"                 #
#                    "C:\Users\Eric\Desktop\iar codez\USB CAN                 #
#                    Hub\EWARM\Default\Obj\system_stm32f10x.o"                #
#                    "C:\Users\Eric\Desktop\iar codez\USB CAN                 #
#                    Hub\EWARM\Default\Obj\usb_core.o"                        #
#                    "C:\Users\Eric\Desktop\iar codez\USB CAN                 #
#                    Hub\EWARM\Default\Obj\usb_desc.o"                        #
#                    "C:\Users\Eric\Desktop\iar codez\USB CAN                 #
#                    Hub\EWARM\Default\Obj\usb_endp.o"                        #
#                    "C:\Users\Eric\Desktop\iar codez\USB CAN                 #
#                    Hub\EWARM\Default\Obj\usb_init.o"                        #
#                    "C:\Users\Eric\Desktop\iar codez\USB CAN                 #
#                    Hub\EWARM\Default\Obj\usb_int.o"                         #
#                    "C:\Users\Eric\Desktop\iar codez\USB CAN                 #
#                    Hub\EWARM\Default\Obj\usb_istr.o"                        #
#                    "C:\Users\Eric\Desktop\iar codez\USB CAN                 #
#                    Hub\EWARM\Default\Obj\usb_mem.o"                         #
#                    "C:\Users\Eric\Desktop\iar codez\USB CAN                 #
#                    Hub\EWARM\Default\Obj\usb_prop.o"                        #
#                    "C:\Users\Eric\Desktop\iar codez\USB CAN                 #
#                    Hub\EWARM\Default\Obj\usb_pwr.o"                         #
#                    "C:\Users\Eric\Desktop\iar codez\USB CAN                 #
#                    Hub\EWARM\Default\Obj\usb_regs.o"                        #
#                    "C:\Users\Eric\Desktop\iar codez\USB CAN                 #
#                    Hub\EWARM\Default\Obj\usb_sil.o" --redirect              #
#                    _Printf=_PrintfFull --redirect _Scanf=_ScanfFull -o      #
#                    "C:\Users\Eric\Desktop\iar codez\USB CAN                 #
#                    Hub\EWARM\Default\Exe\VirtualComport_Loopback.out"       #
#                    --map "C:\Users\Eric\Desktop\iar codez\USB CAN           #
#                    Hub\EWARM\Default\List\VirtualComport_Loopback.map"      #
#                    --config "C:\Users\Eric\Desktop\iar codez\USB CAN        #
#                    Hub\EWARM\stm32f10x_flash.icf" --semihosting --entry     #
#                    __iar_program_start --vfe                                #
#                                                                             #
#                                                                             #
###############################################################################

*******************************************************************************
*** RUNTIME MODEL ATTRIBUTES
***

CppFlavor       = *
__SystemLibrary = DLib


*******************************************************************************
*** PLACEMENT SUMMARY
***

"A1":  place at 0x08000000 { ro section .intvec };
"P1":  place in [from 0x08000000 to 0x080fffff] { ro };
"P2":  place in [from 0x20000000 to 0x20017fff] { rw, block CSTACK, block HEAP };

  Section            Kind        Address    Size  Object
  -------            ----        -------    ----  ------
"A1":                                       0xec
  .intvec            ro code  0x08000000    0xec  startup_stm32f10x_ld.o [1]
                            - 0x080000ec    0xec

"P1":                                     0x1d74
  .text              ro code  0x080000ec   0x7d2  usb_core.o [1]
  .text              ro code  0x080008be    0x2e  copy_init3.o [4]
  .text              ro code  0x080008ec   0x1ba  usb_regs.o [1]
  .text              ro code  0x08000aa6    0x48  usb_mem.o [1]
  .text              ro code  0x08000aee    0x22  zero_init3.o [4]
  .text              ro code  0x08000b10   0x2f0  stm32f10x_can.o [1]
  .text              ro code  0x08000e00    0xc8  stm32f10x_rcc.o [1]
  .text              ro code  0x08000ec8   0x1ec  usb_prop.o [1]
  .text              ro code  0x080010b4    0x8c  hw_config.o [1]
  .text              ro code  0x08001140   0x184  usb_pwr.o [1]
  .text              ro code  0x080012c4    0x1c  usb_sil.o [1]
  .text              ro code  0x080012e0    0xec  system_stm32f10x.o [1]
  .text              ro code  0x080013cc   0x118  stm32f10x_gpio.o [1]
  .text              ro code  0x080014e4   0x140  usb_int.o [1]
  .text              ro code  0x08001624   0x134  main.o [1]
  .text              ro code  0x08001758   0x10c  can.o [1]
  .text              ro code  0x08001864    0xce  stm32f10x_usart.o [1]
  .text              ro code  0x08001934    0x76  ABImemcpy.o [4]
  .text              ro code  0x080019ac   0x134  usb_istr.o [1]
  .rodata            const    0x08001ae0    0xb8  usb_desc.o [1]
  .text              ro code  0x08001b98    0x3c  usb_endp.o [1]
  .text              ro code  0x08001bd4    0x28  data_init.o [4]
  .iar.init_table    const    0x08001bfc    0x24  - Linker created -
  .text              ro code  0x08001c20    0x1e  stm32_it.o [1]
  .text              ro code  0x08001c40     0xc  stm32f10x_exti.o [1]
  .text              ro code  0x08001c4c    0x16  cmain.o [4]
  .text              ro code  0x08001c62     0x4  low_level_init.o [3]
  .text              ro code  0x08001c66     0x4  exit.o [3]
  .text              ro code  0x08001c6c     0xa  cexit.o [4]
  .text              ro code  0x08001c78    0x14  exit.o [5]
  .text              ro code  0x08001c8c    0x10  startup_stm32f10x_ld.o [1]
  .text              ro code  0x08001c9c     0xc  cstartup_M.o [4]
  .text              ro code  0x08001ca8     0x4  startup_stm32f10x_ld.o [1]
  .text              ro code  0x08001cac     0x4  startup_stm32f10x_ld.o [1]
  .text              ro code  0x08001cb0     0x4  startup_stm32f10x_ld.o [1]
  .text              ro code  0x08001cb4     0x4  startup_stm32f10x_ld.o [1]
  .text              ro code  0x08001cb8     0x4  startup_stm32f10x_ld.o [1]
  .text              ro code  0x08001cbc     0x4  startup_stm32f10x_ld.o [1]
  .text              ro code  0x08001cc0     0x4  startup_stm32f10x_ld.o [1]
  .text              ro code  0x08001cc4     0x4  startup_stm32f10x_ld.o [1]
  .text              ro code  0x08001cc8     0x4  startup_stm32f10x_ld.o [1]
  .text              ro code  0x08001ccc     0x4  startup_stm32f10x_ld.o [1]
  .text              ro code  0x08001cd0     0x4  startup_stm32f10x_ld.o [1]
  .text              ro code  0x08001cd4     0x4  startup_stm32f10x_ld.o [1]
  .text              ro code  0x08001cd8     0x4  startup_stm32f10x_ld.o [1]
  .text              ro code  0x08001cdc     0x4  startup_stm32f10x_ld.o [1]
  .text              ro code  0x08001ce0     0x4  startup_stm32f10x_ld.o [1]
  .text              ro code  0x08001ce4     0x4  startup_stm32f10x_ld.o [1]
  .text              ro code  0x08001ce8     0x4  startup_stm32f10x_ld.o [1]
  .text              ro code  0x08001cec     0x4  startup_stm32f10x_ld.o [1]
  .text              ro code  0x08001cf0     0x4  startup_stm32f10x_ld.o [1]
  .text              ro code  0x08001cf4     0x4  startup_stm32f10x_ld.o [1]
  .text              ro code  0x08001cf8     0x4  startup_stm32f10x_ld.o [1]
  .text              ro code  0x08001cfc     0x4  startup_stm32f10x_ld.o [1]
  .text              ro code  0x08001d00     0x4  startup_stm32f10x_ld.o [1]
  .text              ro code  0x08001d04     0x4  startup_stm32f10x_ld.o [1]
  .text              ro code  0x08001d08     0x4  startup_stm32f10x_ld.o [1]
  .text              ro code  0x08001d0c     0x4  startup_stm32f10x_ld.o [1]
  .text              ro code  0x08001d10     0x4  startup_stm32f10x_ld.o [1]
  .text              ro code  0x08001d14     0x4  startup_stm32f10x_ld.o [1]
  .text              ro code  0x08001d18     0x4  startup_stm32f10x_ld.o [1]
  .text              ro code  0x08001d1c     0x4  startup_stm32f10x_ld.o [1]
  .text              ro code  0x08001d20     0x4  startup_stm32f10x_ld.o [1]
  .text              ro code  0x08001d24     0x4  startup_stm32f10x_ld.o [1]
  .text              ro code  0x08001d28     0x4  startup_stm32f10x_ld.o [1]
  .text              ro code  0x08001d2c     0x4  startup_stm32f10x_ld.o [1]
  .text              ro code  0x08001d30     0x4  startup_stm32f10x_ld.o [1]
  .text              ro code  0x08001d34     0x4  startup_stm32f10x_ld.o [1]
  .text              ro code  0x08001d38     0x4  startup_stm32f10x_ld.o [1]
  .text              ro code  0x08001d3c     0x4  startup_stm32f10x_ld.o [1]
  .text              ro code  0x08001d40     0x4  startup_stm32f10x_ld.o [1]
  .text              ro code  0x08001d44     0x4  startup_stm32f10x_ld.o [1]
  .text              ro code  0x08001d48     0x4  startup_stm32f10x_ld.o [1]
  .text              ro code  0x08001d4c     0x4  startup_stm32f10x_ld.o [1]
  .text              ro code  0x08001d50     0x4  startup_stm32f10x_ld.o [1]
  .text              ro code  0x08001d54     0x4  startup_stm32f10x_ld.o [1]
  .text              ro code  0x08001d58     0x4  startup_stm32f10x_ld.o [1]
  .text              ro code  0x08001d5c     0x4  startup_stm32f10x_ld.o [1]
  .text              ro code  0x08001d60     0x4  startup_stm32f10x_ld.o [1]
  .rodata            const    0x08001d64     0x0  zero_init3.o [4]
  .rodata            const    0x08001d64     0x0  copy_init3.o [4]
  Initializer bytes  ro data  0x08001d64    0xfc  <for P2 s0>
                            - 0x08001e60  0x1d74

"P2", part 1 of 3:                          0xfc
  P2 s0                       0x20000000    0xfc  <Init block>
    .data            inited   0x20000000    0x30  usb_prop.o [1]
    .data            inited   0x20000030    0x20  usb_prop.o [1]
    .data            inited   0x20000050    0x1c  main.o [1]
    .data            inited   0x2000006c    0x1c  usb_desc.o [1]
    .data            inited   0x20000088    0x1c  usb_istr.o [1]
    .data            inited   0x200000a4    0x1c  usb_istr.o [1]
    .data            inited   0x200000c0    0x14  stm32f10x_rcc.o [1]
    .data            inited   0x200000d4     0x8  usb_prop.o [1]
    .data            inited   0x200000dc     0x8  usb_prop.o [1]
    .data            inited   0x200000e4     0x8  usb_prop.o [1]
    .data            inited   0x200000ec     0x4  main.o [1]
    .data            inited   0x200000f0     0x4  main.o [1]
    .data            inited   0x200000f4     0x4  usb_prop.o [1]
    .data            inited   0x200000f8     0x1  usb_pwr.o [1]
                            - 0x200000fc    0xfc

"P2", part 2 of 3:                          0xb4
  .bss               zero     0x200000fc    0x40  hw_config.o [1]
  .bss               zero     0x2000013c    0x28  usb_init.o [1]
  .bss               zero     0x20000164    0x20  usb_pwr.o [1]
  .bss               zero     0x20000184     0xc  usb_istr.o [1]
  .bss               zero     0x20000190     0x8  usb_pwr.o [1]
  .bss               zero     0x20000198     0x4  usb_core.o [1]
  .bss               zero     0x2000019c     0x4  usb_endp.o [1]
  .bss               zero     0x200001a0     0x4  usb_int.o [1]
  .bss               zero     0x200001a4     0x4  usb_pwr.o [1]
  .bss               zero     0x200001a8     0x2  usb_init.o [1]
  .bss               zero     0x200001aa     0x1  can.o [1]
  .bss               zero     0x200001ab     0x1  usb_core.o [1]
  .bss               zero     0x200001ac     0x1  usb_init.o [1]
  .bss               zero     0x200001ad     0x1  usb_prop.o [1]
                            - 0x200001ae    0xb2

"P2", part 3 of 3:                         0x400
  CSTACK                      0x200001b0   0x400  <Block>
    CSTACK           uninit   0x200001b0   0x400  <Block tail>
                            - 0x200005b0   0x400


*******************************************************************************
*** INIT TABLE
***

          Address     Size
          -------     ----
Zero (__iar_zero_init3)
    1 destination range, total size 0xb2:
          0x200000fc  0xb2

Copy (__iar_copy_init3)
    1 source range, total size 0xfc (101% of destination):
          0x08001d64  0xfc
    1 destination range, total size 0xf9:
          0x20000000  0xf9



*******************************************************************************
*** MODULE SUMMARY
***

    Module                  ro code  ro data  rw data
    ------                  -------  -------  -------
C:\Users\Eric\Desktop\iar codez\USB CAN Hub\EWARM\Default\Obj: [1]
    can.o                       268                 1
    hw_config.o                 140                64
    main.o                      308       36       36
    startup_stm32f10x_ld.o      440
    stm32_it.o                   30
    stm32f10x_can.o             752
    stm32f10x_exti.o             12
    stm32f10x_gpio.o            280
    stm32f10x_rcc.o             200       20       20
    stm32f10x_usart.o           206
    system_stm32f10x.o          236
    usb_core.o                2 002                 5
    usb_desc.o                           212       28
    usb_endp.o                   60                 4
    usb_init.o                                     43
    usb_int.o                   320                 4
    usb_istr.o                  308       56       68
    usb_mem.o                    72
    usb_prop.o                  492      108      109
    usb_pwr.o                   388        1       45
    usb_regs.o                  442
    usb_sil.o                    28
    -------------------------------------------------
    Total:                    6 984      433      427

command line: [2]
    -------------------------------------------------
    Total:

dl7M_tln.a: [3]
    exit.o                        4
    low_level_init.o              4
    -------------------------------------------------
    Total:                        8

rt7M_tl.a: [4]
    ABImemcpy.o                 118
    cexit.o                      10
    cmain.o                      22
    copy_init3.o                 46
    cstartup_M.o                 12
    data_init.o                  40
    zero_init3.o                 34
    -------------------------------------------------
    Total:                      282

shb_l.a: [5]
    exit.o                       20
    -------------------------------------------------
    Total:                       20

    Gaps                         10
    Linker created                        39    1 024
-----------------------------------------------------
    Grand Total:              7 304      472    1 451


*******************************************************************************
*** ENTRY LIST
***

Entry                      Address   Size  Type      Object
-----                      -------   ----  ----      ------
?main                   0x08001c4d         Code  Gb  cmain.o [4]
ADC1_2_IRQHandler       0x08001d15         Code  Wk  startup_stm32f10x_ld.o [1]
ADCPrescTable           0x200000d0    0x4  Data  Lc  stm32f10x_rcc.o [1]
APBAHBPrescTable        0x200000c0   0x10  Data  Lc  stm32f10x_rcc.o [1]
BusFault_Handler        0x08001c27    0x2  Code  Gb  stm32_it.o [1]
ByteSwap                0x08000a9d    0xa  Code  Gb  usb_regs.o [1]
CAN1_RX1_IRQHandler     0x08001d21         Code  Wk  startup_stm32f10x_ld.o [1]
CAN1_SCE_IRQHandler     0x08001d25         Code  Wk  startup_stm32f10x_ld.o [1]
CAN_DeInit              0x08000b11   0x34  Code  Gb  stm32f10x_can.o [1]
CAN_FilterInit          0x08000c21   0xaa  Code  Gb  stm32f10x_can.o [1]
CAN_Init                0x08000b45   0xdc  Code  Gb  stm32f10x_can.o [1]
CAN_StructInit          0x08000ccb   0x20  Code  Gb  stm32f10x_can.o [1]
CAN_Transmit            0x08000ceb   0xb0  Code  Gb  stm32f10x_can.o [1]
CAN_TransmitStatus      0x08000d9b   0x4c  Code  Gb  stm32f10x_can.o [1]
CSTACK$$Base            0x200001b0          --   Gb  - Linker created -
CSTACK$$Limit           0x200005b0          --   Gb  - Linker created -
CTR_LP                  0x080014e5  0x128  Code  Gb  usb_int.o [1]
ClearDTOG_RX            0x08000995   0x24  Code  Gb  usb_regs.o [1]
ClearDTOG_TX            0x080009b9   0x22  Code  Gb  usb_regs.o [1]
Clear_Status_Out        0x08000977   0x14  Code  Gb  usb_regs.o [1]
Config_Descriptor       0x200000e4    0x8  Data  Gb  usb_prop.o [1]
DMA1_Channel1_IRQHandler
                        0x08001cf9         Code  Wk  startup_stm32f10x_ld.o [1]
DMA1_Channel2_IRQHandler
                        0x08001cfd         Code  Wk  startup_stm32f10x_ld.o [1]
DMA1_Channel3_IRQHandler
                        0x08001d01         Code  Wk  startup_stm32f10x_ld.o [1]
DMA1_Channel4_IRQHandler
                        0x08001d05         Code  Wk  startup_stm32f10x_ld.o [1]
DMA1_Channel5_IRQHandler
                        0x08001d09         Code  Wk  startup_stm32f10x_ld.o [1]
DMA1_Channel6_IRQHandler
                        0x08001d0d         Code  Wk  startup_stm32f10x_ld.o [1]
DMA1_Channel7_IRQHandler
                        0x08001d11         Code  Wk  startup_stm32f10x_ld.o [1]
DataStageIn             0x0800039f   0xa6  Code  Lc  usb_core.o [1]
Data_Mul_MaxPacketSize  0x200001ab    0x1  Data  Gb  usb_core.o [1]
Data_Setup0             0x08000511  0x182  Code  Lc  usb_core.o [1]
DebugMon_Handler        0x08001c2d    0x2  Code  Gb  stm32_it.o [1]
Device_Descriptor       0x200000dc    0x8  Data  Gb  usb_prop.o [1]
Device_Info             0x2000013c   0x1c  Data  Gb  usb_init.o [1]
Device_Property         0x20000000   0x30  Data  Gb  usb_prop.o [1]
Device_Table            0x200000f4    0x4  Data  Gb  usb_prop.o [1]
EP                      0x20000164   0x20  Data  Gb  usb_pwr.o [1]
EP1_IN_Callback         0x08001b99    0x8  Code  Gb  usb_endp.o [1]
EP3_OUT_Callback        0x08001ba1   0x22  Code  Gb  usb_endp.o [1]
EPindex                 0x200001ac    0x1  Data  Gb  usb_init.o [1]
EXTI0_IRQHandler        0x08001ce5         Code  Wk  startup_stm32f10x_ld.o [1]
EXTI15_10_IRQHandler    0x08001d59         Code  Wk  startup_stm32f10x_ld.o [1]
EXTI1_IRQHandler        0x08001ce9         Code  Wk  startup_stm32f10x_ld.o [1]
EXTI2_IRQHandler        0x08001ced         Code  Wk  startup_stm32f10x_ld.o [1]
EXTI3_IRQHandler        0x08001cf1         Code  Wk  startup_stm32f10x_ld.o [1]
EXTI4_IRQHandler        0x08001cf5         Code  Wk  startup_stm32f10x_ld.o [1]
EXTI9_5_IRQHandler      0x08001d29         Code  Wk  startup_stm32f10x_ld.o [1]
EXTI_ClearITPendingBit  0x08001c41    0x2  Code  Gb  stm32f10x_exti.o [1]
FLASH_IRQHandler        0x08001cdd         Code  Wk  startup_stm32f10x_ld.o [1]
GPIO_Init               0x080013cd   0xba  Code  Gb  stm32f10x_gpio.o [1]
GPIO_PinRemapConfig     0x0800148f   0x52  Code  Gb  stm32f10x_gpio.o [1]
GPIO_ResetBits          0x0800148b    0x4  Code  Gb  stm32f10x_gpio.o [1]
GPIO_SetBits            0x08001487    0x4  Code  Gb  stm32f10x_gpio.o [1]
GetEPRxAddr             0x080009ed    0xe  Code  Gb  usb_regs.o [1]
GetEPRxCount            0x08000a41    0xe  Code  Gb  usb_regs.o [1]
GetEPTxAddr             0x080009eb    0x2  Code  Gb  usb_regs.o [1]
Get_SerialNum           0x080010dd   0x28  Code  Gb  hw_config.o [1]
HardFault_Handler       0x08001c23    0x2  Code  Gb  stm32_it.o [1]
I2C1_ER_IRQHandler      0x08001d49         Code  Wk  startup_stm32f10x_ld.o [1]
I2C1_EV_IRQHandler      0x08001d45         Code  Wk  startup_stm32f10x_ld.o [1]
In0_Process             0x08000705   0x4a  Code  Gb  usb_core.o [1]
IntToUnicode            0x08001105   0x28  Code  Lc  hw_config.o [1]
Leave_LowPowerMode      0x080010b5   0x14  Code  Gb  hw_config.o [1]
MemManage_Handler       0x08001c25    0x2  Code  Gb  stm32_it.o [1]
NMI_Handler             0x08001c21    0x2  Code  Gb  stm32_it.o [1]
NOP_Process             0x080008bd    0x2  Code  Gb  usb_core.o [1]
NoData_Setup0           0x08000445   0xcc  Code  Lc  usb_core.o [1]
Out0_Process            0x0800074f   0xb0  Code  Gb  usb_core.o [1]
PMAToUserBufferCopy     0x08000ad1   0x1e  Code  Gb  usb_mem.o [1]
PVD_IRQHandler          0x08001cd1         Code  Wk  startup_stm32f10x_ld.o [1]
PendSV_Handler          0x08001c2f    0x2  Code  Gb  stm32_it.o [1]
Post0_Process           0x080007ff   0x2c  Code  Gb  usb_core.o [1]
PowerOn                 0x08001141   0x22  Code  Gb  usb_pwr.o [1]
RCC_APB1PeriphClockCmd  0x08000e89   0x12  Code  Gb  stm32f10x_rcc.o [1]
RCC_APB1PeriphResetCmd  0x08000e9b   0x12  Code  Gb  stm32f10x_rcc.o [1]
RCC_APB2PeriphClockCmd  0x08000e77   0x12  Code  Gb  stm32f10x_rcc.o [1]
RCC_GetClocksFreq       0x08000e01   0x76  Code  Gb  stm32f10x_rcc.o [1]
RCC_IRQHandler          0x08001ce1         Code  Wk  startup_stm32f10x_ld.o [1]
RTCAlarm_IRQHandler     0x08001d5d         Code  Wk  startup_stm32f10x_ld.o [1]
RTC_IRQHandler          0x08001cd9         Code  Wk  startup_stm32f10x_ld.o [1]
Receive_Buffer          0x200000fc   0x40  Data  Gb  hw_config.o [1]
Receive_length          0x2000019c    0x4  Data  Gb  usb_endp.o [1]
Region$$Table$$Base     0x08001bfc          --   Gb  - Linker created -
Region$$Table$$Limit    0x08001c20          --   Gb  - Linker created -
Request                 0x200001ad    0x1  Data  Gb  usb_prop.o [1]
Reset_Handler           0x08001c8d         Code  Wk  startup_stm32f10x_ld.o [1]
Resume                  0x08001225   0x84  Code  Gb  usb_pwr.o [1]
ResumeS                 0x20000190    0x4  Data  Gb  usb_pwr.o [1]
Resume_Init             0x08001209   0x1a  Code  Gb  usb_pwr.o [1]
SPI1_IRQHandler         0x08001d4d         Code  Wk  startup_stm32f10x_ld.o [1]
SVC_Handler             0x08001c2b    0x2  Code  Gb  stm32_it.o [1]
SaveRState              0x200001a0    0x2  Data  Gb  usb_int.o [1]
SaveTState              0x200001a2    0x2  Data  Gb  usb_int.o [1]
SetBTABLE               0x080008ed    0xe  Code  Gb  usb_regs.o [1]
SetDeviceAddress        0x08000841   0x36  Code  Gb  usb_core.o [1]
SetEPRxAddr             0x080009dd    0xe  Code  Gb  usb_regs.o [1]
SetEPRxCount            0x08000a09   0x38  Code  Gb  usb_regs.o [1]
SetEPRxStatus           0x08000931   0x20  Code  Gb  usb_regs.o [1]
SetEPRxValid            0x0800095f   0x18  Code  Gb  usb_regs.o [1]
SetEPTxAddr             0x080009db    0x2  Code  Gb  usb_regs.o [1]
SetEPTxCount            0x080009fb    0xe  Code  Gb  usb_regs.o [1]
SetEPTxStatus           0x0800090f   0x22  Code  Gb  usb_regs.o [1]
SetEPType               0x080008fb   0x14  Code  Gb  usb_regs.o [1]
Setup0_Process          0x0800069d   0x68  Code  Gb  usb_core.o [1]
Standard_ClearFeature   0x08000235   0xc2  Code  Gb  usb_core.o [1]
Standard_GetConfiguration
                        0x080000ed   0x18  Code  Gb  usb_core.o [1]
Standard_GetDescriptorData
                        0x08000385   0x1a  Code  Gb  usb_core.o [1]
Standard_GetInterface   0x08000137   0x18  Code  Gb  usb_core.o [1]
Standard_GetStatus      0x0800019f   0x8e  Code  Gb  usb_core.o [1]
Standard_SetConfiguration
                        0x08000105   0x32  Code  Gb  usb_core.o [1]
Standard_SetDeviceFeature
                        0x08000369   0x1c  Code  Gb  usb_core.o [1]
Standard_SetEndPointFeature
                        0x080002f7   0x72  Code  Gb  usb_core.o [1]
Standard_SetInterface   0x08000159   0x46  Code  Gb  usb_core.o [1]
StatusInfo              0x20000198    0x4  Data  Gb  usb_core.o [1]
String_Descriptor       0x20000030   0x20  Data  Gb  usb_prop.o [1]
Suspend                 0x08001163   0xa6  Code  Gb  usb_pwr.o [1]
SysTick_Handler         0x08001c31    0x2  Code  Gb  stm32_it.o [1]
SystemInit              0x080012e1   0xd8  Code  Gb  system_stm32f10x.o [1]
TAMPER_IRQHandler       0x08001cd5         Code  Wk  startup_stm32f10x_ld.o [1]
TIM1_BRK_IRQHandler     0x08001d2d         Code  Wk  startup_stm32f10x_ld.o [1]
TIM1_CC_IRQHandler      0x08001d39         Code  Wk  startup_stm32f10x_ld.o [1]
TIM1_TRG_COM_IRQHandler
                        0x08001d35         Code  Wk  startup_stm32f10x_ld.o [1]
TIM1_UP_IRQHandler      0x08001d31         Code  Wk  startup_stm32f10x_ld.o [1]
TIM2_IRQHandler         0x08001d3d         Code  Wk  startup_stm32f10x_ld.o [1]
TIM3_IRQHandler         0x08001d41         Code  Wk  startup_stm32f10x_ld.o [1]
USART1_IRQHandler       0x08001d51         Code  Wk  startup_stm32f10x_ld.o [1]
USART2_IRQHandler       0x08001d55         Code  Wk  startup_stm32f10x_ld.o [1]
USART_Cmd               0x08001901   0x14  Code  Gb  stm32f10x_usart.o [1]
USART_GetFlagStatus     0x08001925    0xe  Code  Gb  stm32f10x_usart.o [1]
USART_Init              0x08001865   0x96  Code  Gb  stm32f10x_usart.o [1]
USART_ReceiveData       0x0800191d    0x8  Code  Gb  stm32f10x_usart.o [1]
USART_SendData          0x08001915    0x8  Code  Gb  stm32f10x_usart.o [1]
USBWakeUp_IRQHandler    0x08001c37    0x8  Code  Gb  stm32_it.o [1]
USB_Cable_Config        0x080010c9   0x14  Code  Gb  hw_config.o [1]
USB_HP_CAN1_TX_IRQHandler
                        0x08001d19         Code  Wk  startup_stm32f10x_ld.o [1]
USB_Istr                0x080019ad  0x134  Code  Gb  usb_istr.o [1]
USB_LP_CAN1_RX0_IRQHandler
                        0x08001c33    0x4  Code  Gb  stm32_it.o [1]
USB_SIL_Init            0x080012c5   0x14  Code  Gb  usb_sil.o [1]
UsageFault_Handler      0x08001c29    0x2  Code  Gb  stm32_it.o [1]
UserToPMABufferCopy     0x08000aa7   0x2a  Code  Gb  usb_mem.o [1]
Virtual_Com_Port_ConfigDescriptor
                        0x08001af4   0x44  Data  Gb  usb_desc.o [1]
Virtual_Com_Port_Data_Setup
                        0x08000fcd   0x56  Code  Gb  usb_prop.o [1]
Virtual_Com_Port_DeviceDescriptor
                        0x08001ae0   0x14  Data  Gb  usb_desc.o [1]
Virtual_Com_Port_GetConfigDescriptor
                        0x08001047    0x6  Code  Gb  usb_prop.o [1]
Virtual_Com_Port_GetDeviceDescriptor
                        0x08001041    0x6  Code  Gb  usb_prop.o [1]
Virtual_Com_Port_GetLineCoding
                        0x08001075    0x6  Code  Gb  usb_prop.o [1]
Virtual_Com_Port_GetStringDescriptor
                        0x0800104d   0x18  Code  Gb  usb_prop.o [1]
Virtual_Com_Port_Get_Interface_Setting
                        0x08001065    0xe  Code  Gb  usb_prop.o [1]
Virtual_Com_Port_NoData_Setup
                        0x08001023   0x1e  Code  Gb  usb_prop.o [1]
Virtual_Com_Port_Reset  0x08000ee7   0xd6  Code  Gb  usb_prop.o [1]
Virtual_Com_Port_SetLineCoding
                        0x0800107d    0x4  Code  Gb  usb_prop.o [1]
Virtual_Com_Port_Status_In
                        0x08000fbd    0xe  Code  Gb  usb_prop.o [1]
Virtual_Com_Port_Status_Out
                        0x08000fcb    0x2  Code  Gb  usb_prop.o [1]
Virtual_Com_Port_StringLangID
                        0x08001b38    0x4  Data  Gb  usb_desc.o [1]
Virtual_Com_Port_StringProduct
                        0x08001b64   0x34  Data  Gb  usb_desc.o [1]
Virtual_Com_Port_StringSerial
                        0x2000006c   0x1c  Data  Gb  usb_desc.o [1]
Virtual_Com_Port_StringVendor
                        0x08001b3c   0x28  Data  Gb  usb_desc.o [1]
Virtual_Com_Port_init   0x08000ec9   0x1e  Code  Gb  usb_prop.o [1]
WWDG_IRQHandler         0x08001ccd         Code  Wk  startup_stm32f10x_ld.o [1]
__aeabi_memcpy          0x08001935         Code  Gb  ABImemcpy.o [4]
__aeabi_memcpy4         0x08001955         Code  Gb  ABImemcpy.o [4]
__aeabi_memcpy8         0x08001955         Code  Gb  ABImemcpy.o [4]
__cmain                 0x08001c4d         Code  Gb  cmain.o [4]
__exit                  0x08001c79   0x14  Code  Gb  exit.o [5]
__iar_copy_init3        0x080008bf   0x2e  Code  Gb  copy_init3.o [4]
__iar_data_init3        0x08001bd5   0x28  Code  Gb  data_init.o [4]
__iar_program_start     0x08001c9d         Code  Gb  cstartup_M.o [4]
__iar_zero_init3        0x08000aef   0x22  Code  Gb  zero_init3.o [4]
__low_level_init        0x08001c63    0x4  Code  Gb  low_level_init.o [3]
__vector_table          0x08000000         Data  Gb  startup_stm32f10x_ld.o [1]
_call_main              0x08001c59         Code  Gb  cmain.o [4]
_exit                   0x08001c6d         Code  Gb  cexit.o [4]
_main                   0x08001c5f         Code  Gb  cmain.o [4]
addr                    0x20000060    0x4  Data  Gb  main.o [1]
bDeviceState            0x200001a4    0x4  Data  Gb  usb_pwr.o [1]
bIntPackSOF             0x20000184    0x1  Data  Gb  usb_istr.o [1]
can_frame               0x20000050    0xc  Data  Gb  main.o [1]
can_init                0x08001759   0xbe  Code  Gb  can.o [1]
can_tx                  0x08001817   0x40  Code  Gb  can.o [1]
canout                  0x08001739   0x10  Code  Gb  main.o [1]
data                    0x20000068    0x4  Data  Gb  main.o [1]
dlc                     0x20000064    0x4  Data  Gb  main.o [1]
esof_counter            0x20000188    0x4  Data  Gb  usb_istr.o [1]
exit                    0x08001c67    0x4  Code  Gb  exit.o [3]
fSuspendEnabled         0x200000f8    0x1  Data  Gb  usb_pwr.o [1]
linecoding              0x200000d4    0x8  Data  Gb  usb_prop.o [1]
main                    0x08001625   0x10  Code  Gb  main.o [1]
pEpInt_IN               0x20000088   0x1c  Data  Gb  usb_istr.o [1]
pEpInt_OUT              0x200000a4   0x1c  Data  Gb  usb_istr.o [1]
pInformation            0x20000158    0x4  Data  Gb  usb_init.o [1]
pProperty               0x2000015c    0x4  Data  Gb  usb_init.o [1]
pUser_Standard_Requests
                        0x20000160    0x4  Data  Gb  usb_init.o [1]
packet_receive          0x200000f0    0x4  Data  Gb  main.o [1]
packet_sent             0x200000ec    0x4  Data  Gb  main.o [1]
poll_serial             0x080016dd   0x5c  Code  Gb  main.o [1]
remotewakeupon          0x20000194    0x4  Data  Gb  usb_pwr.o [1]
serial_init             0x08001635   0x74  Code  Gb  main.o [1]
serial_putchar          0x080016a9   0x1a  Code  Gb  main.o [1]
serial_putstr           0x080016c3   0x1a  Code  Gb  main.o [1]
state                   0x2000005c    0x4  Data  Gb  main.o [1]
wCNTR                   0x2000018c    0x4  Data  Gb  usb_istr.o [1]
wInterrupt_Mask         0x200001a8    0x2  Data  Gb  usb_init.o [1]
wIstr                   0x20000186    0x2  Data  Gb  usb_istr.o [1]


[1] = C:\Users\Eric\Desktop\iar codez\USB CAN Hub\EWARM\Default\Obj
[2] = command line
[3] = dl7M_tln.a
[4] = rt7M_tl.a
[5] = shb_l.a

  7 304 bytes of readonly  code memory
    472 bytes of readonly  data memory
  1 451 bytes of readwrite data memory

Errors: none
Warnings: none
